#
# There is insufficient memory for the Java Runtime Environment to continue.
# Native memory allocation (malloc) failed to allocate 1577328 bytes. Error detail: Chunk::new
# Possible reasons:
#   The system is out of physical RAM or swap space
#   This process is running with CompressedOops enabled, and the Java Heap may be blocking the growth of the native heap
# Possible solutions:
#   Reduce memory load on the system
#   Increase physical memory or swap space
#   Check if swap backing store is full
#   Decrease Java heap size (-Xmx/-Xms)
#   Decrease number of Java threads
#   Decrease Java thread stack sizes (-Xss)
#   Set larger code cache with -XX:ReservedCodeCacheSize=
#   JVM is running with Unscaled Compressed Oops mode in which the Java heap is
#     placed in the first 4GB address space. The Java Heap base address is the
#     maximum limit for the native heap growth. Please use -XX:HeapBaseMinAddress
#     to set the Java Heap base and to place the Java Heap above 4GB virtual address.
# This output file may be truncated or incomplete.
#
#  Out of Memory Error (arena.cpp:168), pid=3068, tid=6944
#
# JRE version: OpenJDK Runtime Environment Temurin-21.0.8+9 (21.0.8+9) (build 21.0.8+9-LTS)
# Java VM: OpenJDK 64-Bit Server VM Temurin-21.0.8+9 (21.0.8+9-LTS, mixed mode, sharing, tiered, compressed oops, compressed class ptrs, parallel gc, windows-amd64)
# No core dump will be written. Minidumps are not enabled by default on client versions of Windows
#

---------------  S U M M A R Y ------------

Command Line: --add-modules=ALL-SYSTEM --add-opens=java.base/java.util=ALL-UNNAMED --add-opens=java.base/java.lang=ALL-UNNAMED --add-opens=java.base/sun.nio.fs=ALL-UNNAMED -Declipse.application=org.eclipse.jdt.ls.core.id1 -Dosgi.bundles.defaultStartLevel=4 -Declipse.product=org.eclipse.jdt.ls.core.product -Djava.import.generatesMetadataFilesAtProjectRoot=false -DDetectVMInstallationsJob.disabled=true -Dfile.encoding=utf8 -XX:+UseParallelGC -XX:GCTimeRatio=4 -XX:AdaptiveSizePolicyWeight=90 -Dsun.zip.disableMemoryMapping=true -Xmx2G -Xms100m -Xlog:disable -javaagent:c:\Users\rutur\.vscode\extensions\redhat.java-1.45.0-win32-x64\lombok\lombok-1.18.39-4050.jar -XX:+HeapDumpOnOutOfMemoryError -XX:HeapDumpPath=c:\Users\rutur\AppData\Roaming\Code\User\workspaceStorage\a5412f84bb255c23cb2ac7001e131eef\redhat.java -Daether.dependencyCollector.impl=bf c:\Users\rutur\.vscode\extensions\redhat.java-1.45.0-win32-x64\server\plugins\org.eclipse.equinox.launcher_1.7.0.v20250519-0528.jar -configuration c:\Users\rutur\AppData\Roaming\Code\User\globalStorage\redhat.java\1.45.0\config_win -data c:\Users\rutur\AppData\Roaming\Code\User\workspaceStorage\a5412f84bb255c23cb2ac7001e131eef\redhat.java\jdt_ws --pipe=\\.\pipe\lsp-ae8aecedac99649025d796c77273ca60-sock

Host: Intel(R) Core(TM) i5-10300H CPU @ 2.50GHz, 8 cores, 15G,  Windows 11 , 64 bit Build 26100 (10.0.26100.5074)
Time: Mon Sep 15 11:45:57 2025 India Standard Time elapsed time: 50.487904 seconds (0d 0h 0m 50s)

---------------  T H R E A D  ---------------

Current thread (0x0000027c8fad1360):  JavaThread "C2 CompilerThread0" daemon [_thread_in_native, id=6944, stack(0x000000b217f00000,0x000000b218000000) (1024K)]


Current CompileTask:
C2:50487 13942 %s!   4       org.eclipse.jdt.internal.core.index.DiskIndex::readCategoryTable @ 260 (743 bytes)

Stack: [0x000000b217f00000,0x000000b218000000]
Native frames: (J=compiled Java code, j=interpreted, Vv=VM code, C=native code)
V  [jvm.dll+0x6d2449]
V  [jvm.dll+0x8ae341]
V  [jvm.dll+0x8b08be]
V  [jvm.dll+0x8b0fa3]
V  [jvm.dll+0x280c96]
V  [jvm.dll+0xc581d]
V  [jvm.dll+0xc5d53]
V  [jvm.dll+0x3b919c]
V  [jvm.dll+0x385315]
V  [jvm.dll+0x38477a]
V  [jvm.dll+0x248ed0]
V  [jvm.dll+0x2484af]
V  [jvm.dll+0x1c89ee]
V  [jvm.dll+0x257d4d]
V  [jvm.dll+0x2562ea]
V  [jvm.dll+0x3f2d16]
V  [jvm.dll+0x857e6b]
V  [jvm.dll+0x6d0b0d]
C  [ucrtbase.dll+0x37b0]
C  [KERNEL32.DLL+0x2e8d7]
C  [ntdll.dll+0x8d9c]


---------------  P R O C E S S  ---------------

Threads class SMR info:
_java_thread_list=0x0000027cf29e8340, length=60, elements={
0x0000027c8d7b4380, 0x0000027c8fab7fe0, 0x0000027c8faba8d0, 0x0000027c8fabf0e0,
0x0000027c8fac3fe0, 0x0000027c8fac6b00, 0x0000027c8face210, 0x0000027c8fad1360,
0x0000027c8fadbae0, 0x0000027ced0e8550, 0x0000027ced3b48c0, 0x0000027cedf7e7a0,
0x0000027cedcca170, 0x0000027cedcf5d90, 0x0000027cedcdfdf0, 0x0000027cee38f450,
0x0000027cee2da8c0, 0x0000027cee0272b0, 0x0000027cee0251e0, 0x0000027cee026590,
0x0000027cee027fd0, 0x0000027cee027940, 0x0000027cee028660, 0x0000027cf0ac28f0,
0x0000027cf0ac3610, 0x0000027cf0ac3ca0, 0x0000027cf0ac4330, 0x0000027cf0ac49c0,
0x0000027cf0ac2f80, 0x0000027cf0ac5050, 0x0000027cf0ac1bd0, 0x0000027cf0ac56e0,
0x0000027cf0ac2260, 0x0000027cf0ac77b0, 0x0000027cf0ac7e40, 0x0000027cf0ac8b60,
0x0000027cf0ac5d70, 0x0000027cf0ac6400, 0x0000027cef283490, 0x0000027cef2820e0,
0x0000027cef282e00, 0x0000027cef283b20, 0x0000027cef280d30, 0x0000027cef281a50,
0x0000027cef2841b0, 0x0000027ced2c06d0, 0x0000027ced2c3b50, 0x0000027ced2c0d60,
0x0000027ced2c13f0, 0x0000027ced2c4f00, 0x0000027ced2c41e0, 0x0000027ced2c2e30,
0x0000027ced2c34c0, 0x0000027ced2c1a80, 0x0000027ced2c6940, 0x0000027ced2c5c20,
0x0000027ced2c62b0, 0x0000027ced2c6fd0, 0x0000027ced2c7cf0, 0x0000027cf2615b50
}

Java Threads: ( => current thread )
  0x0000027c8d7b4380 JavaThread "main"                              [_thread_blocked, id=6416, stack(0x000000b217500000,0x000000b217600000) (1024K)]
  0x0000027c8fab7fe0 JavaThread "Reference Handler"          daemon [_thread_blocked, id=11120, stack(0x000000b217900000,0x000000b217a00000) (1024K)]
  0x0000027c8faba8d0 JavaThread "Finalizer"                  daemon [_thread_blocked, id=9264, stack(0x000000b217a00000,0x000000b217b00000) (1024K)]
  0x0000027c8fabf0e0 JavaThread "Signal Dispatcher"          daemon [_thread_blocked, id=16756, stack(0x000000b217b00000,0x000000b217c00000) (1024K)]
  0x0000027c8fac3fe0 JavaThread "Attach Listener"            daemon [_thread_blocked, id=16688, stack(0x000000b217c00000,0x000000b217d00000) (1024K)]
  0x0000027c8fac6b00 JavaThread "Service Thread"             daemon [_thread_blocked, id=8164, stack(0x000000b217d00000,0x000000b217e00000) (1024K)]
  0x0000027c8face210 JavaThread "Monitor Deflation Thread"   daemon [_thread_blocked, id=1812, stack(0x000000b217e00000,0x000000b217f00000) (1024K)]
=>0x0000027c8fad1360 JavaThread "C2 CompilerThread0"         daemon [_thread_in_native, id=6944, stack(0x000000b217f00000,0x000000b218000000) (1024K)]
  0x0000027c8fadbae0 JavaThread "C1 CompilerThread0"         daemon [_thread_blocked, id=8580, stack(0x000000b218000000,0x000000b218100000) (1024K)]
  0x0000027ced0e8550 JavaThread "Common-Cleaner"             daemon [_thread_blocked, id=17316, stack(0x000000b218100000,0x000000b218200000) (1024K)]
  0x0000027ced3b48c0 JavaThread "Notification Thread"        daemon [_thread_blocked, id=5380, stack(0x000000b218300000,0x000000b218400000) (1024K)]
  0x0000027cedf7e7a0 JavaThread "Active Thread: Equinox Container: 8d0bac77-9d6d-4d0e-a239-3f5d3a2b1a81"        [_thread_blocked, id=3864, stack(0x000000b218b00000,0x000000b218c00000) (1024K)]
  0x0000027cedcca170 JavaThread "Refresh Thread: Equinox Container: 8d0bac77-9d6d-4d0e-a239-3f5d3a2b1a81" daemon [_thread_blocked, id=17436, stack(0x000000b218c00000,0x000000b218d00000) (1024K)]
  0x0000027cedcf5d90 JavaThread "Framework Event Dispatcher: Equinox Container: 8d0bac77-9d6d-4d0e-a239-3f5d3a2b1a81" daemon [_thread_blocked, id=16080, stack(0x000000b218e00000,0x000000b218f00000) (1024K)]
  0x0000027cedcdfdf0 JavaThread "Start Level: Equinox Container: 8d0bac77-9d6d-4d0e-a239-3f5d3a2b1a81" daemon [_thread_blocked, id=1944, stack(0x000000b218f00000,0x000000b219000000) (1024K)]
  0x0000027cee38f450 JavaThread "Bundle File Closer"         daemon [_thread_blocked, id=11648, stack(0x000000b219000000,0x000000b219100000) (1024K)]
  0x0000027cee2da8c0 JavaThread "SCR Component Actor"        daemon [_thread_blocked, id=6628, stack(0x000000b219100000,0x000000b219200000) (1024K)]
  0x0000027cee0272b0 JavaThread "Worker-JM"                         [_thread_blocked, id=11968, stack(0x000000b218400000,0x000000b218500000) (1024K)]
  0x0000027cee0251e0 JavaThread "Worker-0: Check JDK Index"         [_thread_blocked, id=9232, stack(0x000000b219300000,0x000000b219400000) (1024K)]
  0x0000027cee026590 JavaThread "Worker-1"                          [_thread_blocked, id=15144, stack(0x000000b219400000,0x000000b219500000) (1024K)]
  0x0000027cee027fd0 JavaThread "Java indexing"              daemon [_thread_blocked, id=17156, stack(0x000000b219500000,0x000000b219600000) (1024K)]
  0x0000027cee027940 JavaThread "Worker-2"                          [_thread_blocked, id=6320, stack(0x000000b219700000,0x000000b219800000) (1024K)]
  0x0000027cee028660 JavaThread "Worker-3"                          [_thread_blocked, id=15988, stack(0x000000b219800000,0x000000b219900000) (1024K)]
  0x0000027cf0ac28f0 JavaThread "JNA Cleaner"                daemon [_thread_blocked, id=6996, stack(0x000000b219900000,0x000000b219a00000) (1024K)]
  0x0000027cf0ac3610 JavaThread "Worker-4: Java indexing... "        [_thread_blocked, id=13832, stack(0x000000b219c00000,0x000000b219d00000) (1024K)]
  0x0000027cf0ac3ca0 JavaThread "Worker-5: Initialize Workspace"        [_thread_blocked, id=9388, stack(0x000000b219d00000,0x000000b219e00000) (1024K)]
  0x0000027cf0ac4330 JavaThread "Thread-2"                   daemon [_thread_in_native, id=8328, stack(0x000000b219e00000,0x000000b219f00000) (1024K)]
  0x0000027cf0ac49c0 JavaThread "Thread-3"                   daemon [_thread_in_native, id=18428, stack(0x000000b219f00000,0x000000b21a000000) (1024K)]
  0x0000027cf0ac2f80 JavaThread "Thread-4"                   daemon [_thread_in_native, id=6376, stack(0x000000b21a000000,0x000000b21a100000) (1024K)]
  0x0000027cf0ac5050 JavaThread "Thread-5"                   daemon [_thread_in_native, id=12080, stack(0x000000b21a100000,0x000000b21a200000) (1024K)]
  0x0000027cf0ac1bd0 JavaThread "Thread-6"                   daemon [_thread_in_native, id=2528, stack(0x000000b21a200000,0x000000b21a300000) (1024K)]
  0x0000027cf0ac56e0 JavaThread "Thread-7"                   daemon [_thread_in_native, id=9408, stack(0x000000b21a300000,0x000000b21a400000) (1024K)]
  0x0000027cf0ac2260 JavaThread "Thread-8"                   daemon [_thread_in_native, id=18064, stack(0x000000b21a400000,0x000000b21a500000) (1024K)]
  0x0000027cf0ac77b0 JavaThread "Thread-9"                   daemon [_thread_in_native, id=2124, stack(0x000000b21a500000,0x000000b21a600000) (1024K)]
  0x0000027cf0ac7e40 JavaThread "Thread-10"                  daemon [_thread_in_native, id=7968, stack(0x000000b21a600000,0x000000b21a700000) (1024K)]
  0x0000027cf0ac8b60 JavaThread "pool-2-thread-1"                   [_thread_blocked, id=4400, stack(0x000000b21a700000,0x000000b21a800000) (1024K)]
  0x0000027cf0ac5d70 JavaThread "WorkspaceEventsHandler"            [_thread_blocked, id=18316, stack(0x000000b21a800000,0x000000b21a900000) (1024K)]
  0x0000027cf0ac6400 JavaThread "pool-1-thread-1"                   [_thread_blocked, id=17180, stack(0x000000b21a900000,0x000000b21aa00000) (1024K)]
  0x0000027cef283490 JavaThread "Worker-6"                          [_thread_blocked, id=8784, stack(0x000000b219200000,0x000000b219300000) (1024K)]
  0x0000027cef2820e0 JavaThread "LocalFile Deleter"          daemon [_thread_blocked, id=15004, stack(0x000000b219600000,0x000000b219700000) (1024K)]
  0x0000027cef282e00 JavaThread "LocalFile Deleter"          daemon [_thread_blocked, id=14532, stack(0x000000b21aa00000,0x000000b21ab00000) (1024K)]
  0x0000027cef283b20 JavaThread "LocalFile Deleter"          daemon [_thread_blocked, id=16812, stack(0x000000b21ab00000,0x000000b21ac00000) (1024K)]
  0x0000027cef280d30 JavaThread "LocalFile Deleter"          daemon [_thread_blocked, id=17840, stack(0x000000b21ac00000,0x000000b21ad00000) (1024K)]
  0x0000027cef281a50 JavaThread "LocalFile Deleter"          daemon [_thread_blocked, id=4728, stack(0x000000b21ad00000,0x000000b21ae00000) (1024K)]
  0x0000027cef2841b0 JavaThread "LocalFile Deleter"          daemon [_thread_blocked, id=2616, stack(0x000000b21ae00000,0x000000b21af00000) (1024K)]
  0x0000027ced2c06d0 JavaThread "LocalFile Deleter"          daemon [_thread_blocked, id=8748, stack(0x000000b21af00000,0x000000b21b000000) (1024K)]
  0x0000027ced2c3b50 JavaThread "LocalFile Deleter"          daemon [_thread_blocked, id=5932, stack(0x000000b21b000000,0x000000b21b100000) (1024K)]
  0x0000027ced2c0d60 JavaThread "Compiler Source File Reader" daemon [_thread_blocked, id=15520, stack(0x000000b21b100000,0x000000b21b200000) (1024K)]
  0x0000027ced2c13f0 JavaThread "Compiler Source File Reader" daemon [_thread_blocked, id=11692, stack(0x000000b21b200000,0x000000b21b300000) (1024K)]
  0x0000027ced2c4f00 JavaThread "Compiler Source File Reader" daemon [_thread_blocked, id=13016, stack(0x000000b21b300000,0x000000b21b400000) (1024K)]
  0x0000027ced2c41e0 JavaThread "Compiler Source File Reader" daemon [_thread_blocked, id=16000, stack(0x000000b21b400000,0x000000b21b500000) (1024K)]
  0x0000027ced2c2e30 JavaThread "Compiler Source File Reader" daemon [_thread_blocked, id=13064, stack(0x000000b21b500000,0x000000b21b600000) (1024K)]
  0x0000027ced2c34c0 JavaThread "Compiler Source File Reader" daemon [_thread_blocked, id=18292, stack(0x000000b21b600000,0x000000b21b700000) (1024K)]
  0x0000027ced2c1a80 JavaThread "Compiler Processing Task"   daemon [_thread_blocked, id=2344, stack(0x000000b21b700000,0x000000b21b800000) (1024K)]
  0x0000027ced2c6940 JavaThread "Compiler Class File Writer" daemon [_thread_blocked, id=12780, stack(0x000000b21b800000,0x000000b21b900000) (1024K)]
  0x0000027ced2c5c20 JavaThread "Compiler Class File Writer" daemon [_thread_blocked, id=13256, stack(0x000000b21b900000,0x000000b21ba00000) (1024K)]
  0x0000027ced2c62b0 JavaThread "Compiler Class File Writer" daemon [_thread_blocked, id=9584, stack(0x000000b21ba00000,0x000000b21bb00000) (1024K)]
  0x0000027ced2c6fd0 JavaThread "Compiler Class File Writer" daemon [_thread_blocked, id=15564, stack(0x000000b21bb00000,0x000000b21bc00000) (1024K)]
  0x0000027ced2c7cf0 JavaThread "Compiler Class File Writer" daemon [_thread_blocked, id=2268, stack(0x000000b21bc00000,0x000000b21bd00000) (1024K)]
  0x0000027cf2615b50 JavaThread "Compiler Class File Writer" daemon [_thread_blocked, id=17964, stack(0x000000b21bd00000,0x000000b21be00000) (1024K)]
Total: 60

Other Threads:
  0x0000027c8fab2980 VMThread "VM Thread"                           [id=14308, stack(0x000000b217800000,0x000000b217900000) (1024K)]
  0x0000027c8f9cba00 WatcherThread "VM Periodic Task Thread"        [id=17896, stack(0x000000b217700000,0x000000b217800000) (1024K)]
  0x0000027c8fb669e0 WorkerThread "GC Thread#0"                     [id=16124, stack(0x000000b217600000,0x000000b217700000) (1024K)]
  0x0000027ceda80c70 WorkerThread "GC Thread#1"                     [id=16712, stack(0x000000b218500000,0x000000b218600000) (1024K)]
  0x0000027ceda81010 WorkerThread "GC Thread#2"                     [id=17400, stack(0x000000b218600000,0x000000b218700000) (1024K)]
  0x0000027ced6d57f0 WorkerThread "GC Thread#3"                     [id=14360, stack(0x000000b218700000,0x000000b218800000) (1024K)]
  0x0000027ced6d5b90 WorkerThread "GC Thread#4"                     [id=7620, stack(0x000000b218800000,0x000000b218900000) (1024K)]
  0x0000027ced819fa0 WorkerThread "GC Thread#5"                     [id=12548, stack(0x000000b218900000,0x000000b218a00000) (1024K)]
  0x0000027ced81a340 WorkerThread "GC Thread#6"                     [id=16596, stack(0x000000b218a00000,0x000000b218b00000) (1024K)]
  0x0000027cedccaaa0 WorkerThread "GC Thread#7"                     [id=8376, stack(0x000000b218d00000,0x000000b218e00000) (1024K)]
Total: 10

Threads with active compile tasks:
C2 CompilerThread0  50504 13942 %s!   4       org.eclipse.jdt.internal.core.index.DiskIndex::readCategoryTable @ 260 (743 bytes)
Total: 1

VM state: at safepoint (normal execution)

VM Mutex/Monitor currently owned by a thread:  ([mutex/lock_event])
[0x00007ffd2a8c5458] Threads_lock - owner thread: 0x0000027c8fab2980
[0x00007ffd2a8c5558] Heap_lock - owner thread: 0x0000027cee027fd0

Heap address: 0x0000000080000000, size: 2048 MB, Compressed Oops mode: 32-bit

CDS archive(s) mapped at: [0x0000027ca7000000-0x0000027ca7ba0000-0x0000027ca7ba0000), size 12189696, SharedBaseAddress: 0x0000027ca7000000, ArchiveRelocationMode: 1.
Compressed class space mapped at: 0x0000027ca8000000-0x0000027ce8000000, reserved size: 1073741824
Narrow klass base: 0x0000027ca7000000, Narrow klass shift: 0, Narrow klass range: 0x100000000

GC Precious Log:
 CardTable entry size: 512
 CPUs: 8 total, 8 available
 Memory: 16215M
 Large Page Support: Disabled
 NUMA Support: Disabled
 Compressed Oops: Enabled (32-bit)
 Alignments: Space 512K, Generation 512K, Heap 2M
 Heap Min Capacity: 100M
 Heap Initial Capacity: 100M
 Heap Max Capacity: 2G
 Pre-touch: Disabled
 Parallel Workers: 8

Heap:
 PSYoungGen      total 25088K, used 1014K [0x00000000d5580000, 0x00000000d7180000, 0x0000000100000000)
  eden space 23040K, 0% used [0x00000000d5580000,0x00000000d5580000,0x00000000d6c00000)
  from space 2048K, 49% used [0x00000000d6d80000,0x00000000d6e7dbc8,0x00000000d6f80000)
  to   space 1024K, 0% used [0x00000000d7080000,0x00000000d7080000,0x00000000d7180000)
 ParOldGen       total 761856K, used 761722K [0x0000000080000000, 0x00000000ae800000, 0x00000000d5580000)
  object space 761856K, 99% used [0x0000000080000000,0x00000000ae7de920,0x00000000ae800000)
 Metaspace       used 70162K, committed 71744K, reserved 1114112K
  class space    used 7341K, committed 8064K, reserved 1048576K

Card table byte_map: [0x0000027c8f4e0000,0x0000027c8f8f0000] _byte_map_base: 0x0000027c8f0e0000

Marking Bits: (ParMarkBitMap*) 0x00007ffd2a8ca340
 Begin Bits: [0x0000027ca1fe0000, 0x0000027ca3fe0000)
 End Bits:   [0x0000027ca3fe0000, 0x0000027ca5fe0000)

Polling page: 0x0000027c8d990000

Metaspace:

Usage:
  Non-class:     61.35 MB used.
      Class:      7.17 MB used.
       Both:     68.52 MB used.

Virtual space:
  Non-class space:       64.00 MB reserved,      62.19 MB ( 97%) committed,  1 nodes.
      Class space:        1.00 GB reserved,       7.88 MB ( <1%) committed,  1 nodes.
             Both:        1.06 GB reserved,      70.06 MB (  6%) committed. 

Chunk freelists:
   Non-Class:  1.73 MB
       Class:  8.14 MB
        Both:  9.88 MB

MaxMetaspaceSize: unlimited
CompressedClassSpaceSize: 1.00 GB
Initial GC threshold: 21.00 MB
Current GC threshold: 97.31 MB
CDS: on
 - commit_granule_bytes: 65536.
 - commit_granule_words: 8192.
 - virtual_space_node_default_size: 8388608.
 - enlarge_chunks_in_place: 1.
 - use_allocation_guard: 0.


Internal statistics:

num_allocs_failed_limit: 11.
num_arena_births: 1236.
num_arena_deaths: 14.
num_vsnodes_births: 2.
num_vsnodes_deaths: 0.
num_space_committed: 1121.
num_space_uncommitted: 0.
num_chunks_returned_to_freelist: 25.
num_chunks_taken_from_freelist: 4439.
num_chunk_merges: 12.
num_chunk_splits: 2739.
num_chunks_enlarged: 1558.
num_inconsistent_stats: 0.

CodeHeap 'non-profiled nmethods': size=120000Kb used=10971Kb max_used=10971Kb free=109028Kb
 bounds [0x0000027c9a800000, 0x0000027c9b2c0000, 0x0000027ca1d30000]
CodeHeap 'profiled nmethods': size=120000Kb used=30359Kb max_used=30359Kb free=89640Kb
 bounds [0x0000027c92d30000, 0x0000027c94ae0000, 0x0000027c9a260000]
CodeHeap 'non-nmethods': size=5760Kb used=1454Kb max_used=1565Kb free=4305Kb
 bounds [0x0000027c9a260000, 0x0000027c9a4d0000, 0x0000027c9a800000]
CodeCache: size=245760Kb, used=42784Kb, max_used=42895Kb, free=202973Kb
 total_blobs=13936, nmethods=13165, adapters=676, full_count=0
Compilation: enabled, stopped_count=0, restarted_count=0

Compilation events (20 events):
Event: 49.202 Thread 0x0000027c8fadbae0 13972   !   3       org.eclipse.jdt.internal.core.Openable::generateInfos (175 bytes)
Event: 49.203 Thread 0x0000027c8fadbae0 nmethod 13972 0x0000027c94ac7210 code [0x0000027c94ac75e0, 0x0000027c94ac8f08]
Event: 49.203 Thread 0x0000027c8fadbae0 13973       3       org.eclipse.jdt.internal.core.Openable::openAncestors (30 bytes)
Event: 49.203 Thread 0x0000027c8fadbae0 nmethod 13973 0x0000027c94ac9690 code [0x0000027c94ac98a0, 0x0000027c94aca050]
Event: 49.204 Thread 0x0000027c8fadbae0 13974       3       org.eclipse.jdt.internal.core.builder.ClasspathLocation::<init> (15 bytes)
Event: 49.204 Thread 0x0000027c8fadbae0 nmethod 13974 0x0000027c94aca290 code [0x0000027c94aca440, 0x0000027c94aca5d8]
Event: 49.297 Thread 0x0000027c8fadbae0 13975       3       org.eclipse.jdt.internal.core.builder.ClasspathJar::hashCode (22 bytes)
Event: 49.297 Thread 0x0000027c8fadbae0 nmethod 13975 0x0000027c94aca690 code [0x0000027c94aca860, 0x0000027c94acaa50]
Event: 49.308 Thread 0x0000027c8fadbae0 13976       3       org.eclipse.jdt.core.compiler.CharOperation::charToString (15 bytes)
Event: 49.308 Thread 0x0000027c8fadbae0 nmethod 13976 0x0000027c94acab10 code [0x0000027c94acacc0, 0x0000027c94acaea8]
Event: 49.311 Thread 0x0000027c8fadbae0 13977       3       org.eclipse.jdt.internal.compiler.classfmt.ModuleInfo::<init> (8 bytes)
Event: 49.312 Thread 0x0000027c8fadbae0 nmethod 13977 0x0000027c94acaf90 code [0x0000027c94acb140, 0x0000027c94acb338]
Event: 49.319 Thread 0x0000027c8fadbae0 13978       3       lombok.launch.PatchFixesHider$Delegate::isDelegateSourceMethod (21 bytes)
Event: 49.320 Thread 0x0000027c8fadbae0 nmethod 13978 0x0000027c94acb410 code [0x0000027c94acba20, 0x0000027c94ace5a0]
Event: 49.321 Thread 0x0000027c8fadbae0 13979       1       org.eclipse.jdt.internal.core.JarEntryResource::setParent (6 bytes)
Event: 49.321 Thread 0x0000027c8fadbae0 nmethod 13979 0x0000027c9b2b6b90 code [0x0000027c9b2b6d20, 0x0000027c9b2b6e00]
Event: 49.322 Thread 0x0000027c8fadbae0 13980       3       org.eclipse.jdt.internal.core.util.Util::indexOfJavaLikeExtension (116 bytes)
Event: 49.323 Thread 0x0000027c8fadbae0 nmethod 13980 0x0000027c94ad0110 code [0x0000027c94ad03c0, 0x0000027c94ad1208]
Event: 49.424 Thread 0x0000027c8fadbae0 13982       3       java.util.HashMap$EntrySet::size (8 bytes)
Event: 49.424 Thread 0x0000027c8fadbae0 nmethod 13982 0x0000027c94ad1910 code [0x0000027c94ad1aa0, 0x0000027c94ad1bb8]

GC Heap History (20 events):
Event: 46.021 GC heap before
{Heap before GC invocations=1076 (full 3):
 PSYoungGen      total 14336K, used 14326K [0x00000000d5580000, 0x00000000d6a80000, 0x0000000100000000)
  eden space 12800K, 100% used [0x00000000d5580000,0x00000000d6200000,0x00000000d6200000)
  from space 1536K, 99% used [0x00000000d6500000,0x00000000d667d808,0x00000000d6680000)
  to   space 3072K, 0% used [0x00000000d6200000,0x00000000d6200000,0x00000000d6500000)
 ParOldGen       total 723456K, used 723107K [0x0000000080000000, 0x00000000ac280000, 0x00000000d5580000)
  object space 723456K, 99% used [0x0000000080000000,0x00000000ac228ec0,0x00000000ac280000)
 Metaspace       used 69939K, committed 71488K, reserved 1114112K
  class space    used 7320K, committed 8064K, reserved 1048576K
}
Event: 46.025 GC heap after
{Heap after GC invocations=1076 (full 3):
 PSYoungGen      total 14336K, used 1283K [0x00000000d5580000, 0x00000000d6600000, 0x0000000100000000)
  eden space 12800K, 0% used [0x00000000d5580000,0x00000000d5580000,0x00000000d6200000)
  from space 1536K, 83% used [0x00000000d6200000,0x00000000d6340c58,0x00000000d6380000)
  to   space 2048K, 0% used [0x00000000d6400000,0x00000000d6400000,0x00000000d6600000)
 ParOldGen       total 724992K, used 724561K [0x0000000080000000, 0x00000000ac400000, 0x00000000d5580000)
  object space 724992K, 99% used [0x0000000080000000,0x00000000ac3946c8,0x00000000ac400000)
 Metaspace       used 69939K, committed 71488K, reserved 1114112K
  class space    used 7320K, committed 8064K, reserved 1048576K
}
Event: 46.049 GC heap before
{Heap before GC invocations=1077 (full 3):
 PSYoungGen      total 14336K, used 14083K [0x00000000d5580000, 0x00000000d6600000, 0x0000000100000000)
  eden space 12800K, 100% used [0x00000000d5580000,0x00000000d6200000,0x00000000d6200000)
  from space 1536K, 83% used [0x00000000d6200000,0x00000000d6340c58,0x00000000d6380000)
  to   space 2048K, 0% used [0x00000000d6400000,0x00000000d6400000,0x00000000d6600000)
 ParOldGen       total 724992K, used 724561K [0x0000000080000000, 0x00000000ac400000, 0x00000000d5580000)
  object space 724992K, 99% used [0x0000000080000000,0x00000000ac3946c8,0x00000000ac400000)
 Metaspace       used 69939K, committed 71488K, reserved 1114112K
  class space    used 7320K, committed 8064K, reserved 1048576K
}
Event: 46.052 GC heap after
{Heap after GC invocations=1077 (full 3):
 PSYoungGen      total 14848K, used 1782K [0x00000000d5580000, 0x00000000d6600000, 0x0000000100000000)
  eden space 12800K, 0% used [0x00000000d5580000,0x00000000d5580000,0x00000000d6200000)
  from space 2048K, 87% used [0x00000000d6400000,0x00000000d65bd808,0x00000000d6600000)
  to   space 2048K, 0% used [0x00000000d6200000,0x00000000d6200000,0x00000000d6400000)
 ParOldGen       total 726016K, used 725733K [0x0000000080000000, 0x00000000ac500000, 0x00000000d5580000)
  object space 726016K, 99% used [0x0000000080000000,0x00000000ac4b97d0,0x00000000ac500000)
 Metaspace       used 69939K, committed 71488K, reserved 1114112K
  class space    used 7320K, committed 8064K, reserved 1048576K
}
Event: 46.079 GC heap before
{Heap before GC invocations=1078 (full 3):
 PSYoungGen      total 14848K, used 14582K [0x00000000d5580000, 0x00000000d6600000, 0x0000000100000000)
  eden space 12800K, 100% used [0x00000000d5580000,0x00000000d6200000,0x00000000d6200000)
  from space 2048K, 87% used [0x00000000d6400000,0x00000000d65bd808,0x00000000d6600000)
  to   space 2048K, 0% used [0x00000000d6200000,0x00000000d6200000,0x00000000d6400000)
 ParOldGen       total 726016K, used 725733K [0x0000000080000000, 0x00000000ac500000, 0x00000000d5580000)
  object space 726016K, 99% used [0x0000000080000000,0x00000000ac4b97d0,0x00000000ac500000)
 Metaspace       used 69939K, committed 71488K, reserved 1114112K
  class space    used 7320K, committed 8064K, reserved 1048576K
}
Event: 46.110 GC heap after
{Heap after GC invocations=1078 (full 3):
 PSYoungGen      total 14848K, used 1740K [0x00000000d5580000, 0x00000000d6880000, 0x0000000100000000)
  eden space 12800K, 0% used [0x00000000d5580000,0x00000000d5580000,0x00000000d6200000)
  from space 2048K, 84% used [0x00000000d6200000,0x00000000d63b3008,0x00000000d6400000)
  to   space 2048K, 0% used [0x00000000d6680000,0x00000000d6680000,0x00000000d6880000)
 ParOldGen       total 727552K, used 727261K [0x0000000080000000, 0x00000000ac680000, 0x00000000d5580000)
  object space 727552K, 99% used [0x0000000080000000,0x00000000ac6377d0,0x00000000ac680000)
 Metaspace       used 69939K, committed 71488K, reserved 1114112K
  class space    used 7320K, committed 8064K, reserved 1048576K
}
Event: 46.159 GC heap before
{Heap before GC invocations=1079 (full 3):
 PSYoungGen      total 14848K, used 14540K [0x00000000d5580000, 0x00000000d6880000, 0x0000000100000000)
  eden space 12800K, 100% used [0x00000000d5580000,0x00000000d6200000,0x00000000d6200000)
  from space 2048K, 84% used [0x00000000d6200000,0x00000000d63b3008,0x00000000d6400000)
  to   space 2048K, 0% used [0x00000000d6680000,0x00000000d6680000,0x00000000d6880000)
 ParOldGen       total 727552K, used 727261K [0x0000000080000000, 0x00000000ac680000, 0x00000000d5580000)
  object space 727552K, 99% used [0x0000000080000000,0x00000000ac6377d0,0x00000000ac680000)
 Metaspace       used 69961K, committed 71488K, reserved 1114112K
  class space    used 7322K, committed 8064K, reserved 1048576K
}
Event: 46.198 GC heap after
{Heap after GC invocations=1079 (full 3):
 PSYoungGen      total 14848K, used 2021K [0x00000000d5580000, 0x00000000d6d80000, 0x0000000100000000)
  eden space 12800K, 0% used [0x00000000d5580000,0x00000000d5580000,0x00000000d6200000)
  from space 2048K, 98% used [0x00000000d6680000,0x00000000d6879538,0x00000000d6880000)
  to   space 4608K, 0% used [0x00000000d6200000,0x00000000d6200000,0x00000000d6680000)
 ParOldGen       total 729600K, used 729392K [0x0000000080000000, 0x00000000ac880000, 0x00000000d5580000)
  object space 729600K, 99% used [0x0000000080000000,0x00000000ac84c2e0,0x00000000ac880000)
 Metaspace       used 69961K, committed 71488K, reserved 1114112K
  class space    used 7322K, committed 8064K, reserved 1048576K
}
Event: 46.233 GC heap before
{Heap before GC invocations=1080 (full 3):
 PSYoungGen      total 14848K, used 14821K [0x00000000d5580000, 0x00000000d6d80000, 0x0000000100000000)
  eden space 12800K, 100% used [0x00000000d5580000,0x00000000d6200000,0x00000000d6200000)
  from space 2048K, 98% used [0x00000000d6680000,0x00000000d6879538,0x00000000d6880000)
  to   space 4608K, 0% used [0x00000000d6200000,0x00000000d6200000,0x00000000d6680000)
 ParOldGen       total 729600K, used 729392K [0x0000000080000000, 0x00000000ac880000, 0x00000000d5580000)
  object space 729600K, 99% used [0x0000000080000000,0x00000000ac84c2e0,0x00000000ac880000)
 Metaspace       used 69990K, committed 71552K, reserved 1114112K
  class space    used 7323K, committed 8064K, reserved 1048576K
}
Event: 47.381 GC heap after
{Heap after GC invocations=1080 (full 3):
 PSYoungGen      total 17408K, used 4601K [0x00000000d5580000, 0x00000000d7e80000, 0x0000000100000000)
  eden space 12800K, 0% used [0x00000000d5580000,0x00000000d5580000,0x00000000d6200000)
  from space 4608K, 99% used [0x00000000d6200000,0x00000000d667e600,0x00000000d6680000)
  to   space 13312K, 0% used [0x00000000d7180000,0x00000000d7180000,0x00000000d7e80000)
 ParOldGen       total 736768K, used 736635K [0x0000000080000000, 0x00000000acf80000, 0x00000000d5580000)
  object space 736768K, 99% used [0x0000000080000000,0x00000000acf5ef98,0x00000000acf80000)
 Metaspace       used 69990K, committed 71552K, reserved 1114112K
  class space    used 7323K, committed 8064K, reserved 1048576K
}
Event: 47.439 GC heap before
{Heap before GC invocations=1081 (full 3):
 PSYoungGen      total 17408K, used 17401K [0x00000000d5580000, 0x00000000d7e80000, 0x0000000100000000)
  eden space 12800K, 100% used [0x00000000d5580000,0x00000000d6200000,0x00000000d6200000)
  from space 4608K, 99% used [0x00000000d6200000,0x00000000d667e600,0x00000000d6680000)
  to   space 13312K, 0% used [0x00000000d7180000,0x00000000d7180000,0x00000000d7e80000)
 ParOldGen       total 736768K, used 736635K [0x0000000080000000, 0x00000000acf80000, 0x00000000d5580000)
  object space 736768K, 99% used [0x0000000080000000,0x00000000acf5ef98,0x00000000acf80000)
 Metaspace       used 70006K, committed 71552K, reserved 1114112K
  class space    used 7325K, committed 8064K, reserved 1048576K
}
Event: 47.488 GC heap after
{Heap after GC invocations=1081 (full 3):
 PSYoungGen      total 23552K, used 7763K [0x00000000d5580000, 0x00000000d7980000, 0x0000000100000000)
  eden space 15360K, 0% used [0x00000000d5580000,0x00000000d5580000,0x00000000d6480000)
  from space 8192K, 94% used [0x00000000d7180000,0x00000000d7914c60,0x00000000d7980000)
  to   space 9216K, 0% used [0x00000000d6780000,0x00000000d6780000,0x00000000d7080000)
 ParOldGen       total 740352K, used 740163K [0x0000000080000000, 0x00000000ad300000, 0x00000000d5580000)
  object space 740352K, 99% used [0x0000000080000000,0x00000000ad2d0ff8,0x00000000ad300000)
 Metaspace       used 70006K, committed 71552K, reserved 1114112K
  class space    used 7325K, committed 8064K, reserved 1048576K
}
Event: 47.571 GC heap before
{Heap before GC invocations=1082 (full 3):
 PSYoungGen      total 23552K, used 23123K [0x00000000d5580000, 0x00000000d7980000, 0x0000000100000000)
  eden space 15360K, 100% used [0x00000000d5580000,0x00000000d6480000,0x00000000d6480000)
  from space 8192K, 94% used [0x00000000d7180000,0x00000000d7914c60,0x00000000d7980000)
  to   space 9216K, 0% used [0x00000000d6780000,0x00000000d6780000,0x00000000d7080000)
 ParOldGen       total 740352K, used 740163K [0x0000000080000000, 0x00000000ad300000, 0x00000000d5580000)
  object space 740352K, 99% used [0x0000000080000000,0x00000000ad2d0ff8,0x00000000ad300000)
 Metaspace       used 70016K, committed 71616K, reserved 1114112K
  class space    used 7325K, committed 8064K, reserved 1048576K
}
Event: 47.708 GC heap after
{Heap after GC invocations=1082 (full 3):
 PSYoungGen      total 24576K, used 5712K [0x00000000d5580000, 0x00000000d7580000, 0x0000000100000000)
  eden space 18432K, 0% used [0x00000000d5580000,0x00000000d5580000,0x00000000d6780000)
  from space 6144K, 92% used [0x00000000d6780000,0x00000000d6d140b0,0x00000000d6d80000)
  to   space 7168K, 0% used [0x00000000d6e80000,0x00000000d6e80000,0x00000000d7580000)
 ParOldGen       total 747520K, used 747107K [0x0000000080000000, 0x00000000ada00000, 0x00000000d5580000)
  object space 747520K, 99% used [0x0000000080000000,0x00000000ad998d38,0x00000000ada00000)
 Metaspace       used 70016K, committed 71616K, reserved 1114112K
  class space    used 7325K, committed 8064K, reserved 1048576K
}
Event: 47.812 GC heap before
{Heap before GC invocations=1083 (full 3):
 PSYoungGen      total 24576K, used 24144K [0x00000000d5580000, 0x00000000d7580000, 0x0000000100000000)
  eden space 18432K, 100% used [0x00000000d5580000,0x00000000d6780000,0x00000000d6780000)
  from space 6144K, 92% used [0x00000000d6780000,0x00000000d6d140b0,0x00000000d6d80000)
  to   space 7168K, 0% used [0x00000000d6e80000,0x00000000d6e80000,0x00000000d7580000)
 ParOldGen       total 747520K, used 747107K [0x0000000080000000, 0x00000000ada00000, 0x00000000d5580000)
  object space 747520K, 99% used [0x0000000080000000,0x00000000ad998d38,0x00000000ada00000)
 Metaspace       used 70017K, committed 71616K, reserved 1114112K
  class space    used 7325K, committed 8064K, reserved 1048576K
}
Event: 47.930 GC heap after
{Heap after GC invocations=1083 (full 3):
 PSYoungGen      total 26112K, used 6275K [0x00000000d5580000, 0x00000000d7880000, 0x0000000100000000)
  eden space 18944K, 0% used [0x00000000d5580000,0x00000000d5580000,0x00000000d6800000)
  from space 7168K, 87% used [0x00000000d6e80000,0x00000000d74a0f28,0x00000000d7580000)
  to   space 6656K, 0% used [0x00000000d6800000,0x00000000d6800000,0x00000000d6e80000)
 ParOldGen       total 752128K, used 751644K [0x0000000080000000, 0x00000000ade80000, 0x00000000d5580000)
  object space 752128K, 99% used [0x0000000080000000,0x00000000ade070b8,0x00000000ade80000)
 Metaspace       used 70017K, committed 71616K, reserved 1114112K
  class space    used 7325K, committed 8064K, reserved 1048576K
}
Event: 49.217 GC heap before
{Heap before GC invocations=1084 (full 3):
 PSYoungGen      total 26112K, used 25219K [0x00000000d5580000, 0x00000000d7880000, 0x0000000100000000)
  eden space 18944K, 100% used [0x00000000d5580000,0x00000000d6800000,0x00000000d6800000)
  from space 7168K, 87% used [0x00000000d6e80000,0x00000000d74a0f28,0x00000000d7580000)
  to   space 6656K, 0% used [0x00000000d6800000,0x00000000d6800000,0x00000000d6e80000)
 ParOldGen       total 752128K, used 751644K [0x0000000080000000, 0x00000000ade80000, 0x00000000d5580000)
  object space 752128K, 99% used [0x0000000080000000,0x00000000ade070b8,0x00000000ade80000)
 Metaspace       used 70159K, committed 71744K, reserved 1114112K
  class space    used 7341K, committed 8064K, reserved 1048576K
}
Event: 49.287 GC heap after
{Heap after GC invocations=1084 (full 3):
 PSYoungGen      total 25600K, used 3418K [0x00000000d5580000, 0x00000000d7500000, 0x0000000100000000)
  eden space 18944K, 0% used [0x00000000d5580000,0x00000000d5580000,0x00000000d6800000)
  from space 6656K, 51% used [0x00000000d6800000,0x00000000d6b56aa0,0x00000000d6e80000)
  to   space 4608K, 0% used [0x00000000d7080000,0x00000000d7080000,0x00000000d7500000)
 ParOldGen       total 758272K, used 757836K [0x0000000080000000, 0x00000000ae480000, 0x00000000d5580000)
  object space 758272K, 99% used [0x0000000080000000,0x00000000ae413150,0x00000000ae480000)
 Metaspace       used 70159K, committed 71744K, reserved 1114112K
  class space    used 7341K, committed 8064K, reserved 1048576K
}
Event: 49.343 GC heap before
{Heap before GC invocations=1085 (full 3):
 PSYoungGen      total 25600K, used 22362K [0x00000000d5580000, 0x00000000d7500000, 0x0000000100000000)
  eden space 18944K, 100% used [0x00000000d5580000,0x00000000d6800000,0x00000000d6800000)
  from space 6656K, 51% used [0x00000000d6800000,0x00000000d6b56aa0,0x00000000d6e80000)
  to   space 4608K, 0% used [0x00000000d7080000,0x00000000d7080000,0x00000000d7500000)
 ParOldGen       total 758272K, used 757836K [0x0000000080000000, 0x00000000ae480000, 0x00000000d5580000)
  object space 758272K, 99% used [0x0000000080000000,0x00000000ae413150,0x00000000ae480000)
 Metaspace       used 70160K, committed 71744K, reserved 1114112K
  class space    used 7341K, committed 8064K, reserved 1048576K
}
Event: 49.378 GC heap after
{Heap after GC invocations=1085 (full 3):
 PSYoungGen      total 24064K, used 831K [0x00000000d5580000, 0x00000000d7180000, 0x0000000100000000)
  eden space 23040K, 0% used [0x00000000d5580000,0x00000000d5580000,0x00000000d6c00000)
  from space 1024K, 81% used [0x00000000d7080000,0x00000000d714fc80,0x00000000d7180000)
  to   space 2048K, 0% used [0x00000000d6d80000,0x00000000d6d80000,0x00000000d6f80000)
 ParOldGen       total 761344K, used 761131K [0x0000000080000000, 0x00000000ae780000, 0x00000000d5580000)
  object space 761344K, 99% used [0x0000000080000000,0x00000000ae74ac90,0x00000000ae780000)
 Metaspace       used 70160K, committed 71744K, reserved 1114112K
  class space    used 7341K, committed 8064K, reserved 1048576K
}

Dll operation events (14 events):
Event: 0.018 Loaded shared library c:\Users\rutur\.vscode\extensions\redhat.java-1.45.0-win32-x64\jre\21.0.8-win32-x86_64\bin\java.dll
Event: 0.087 Loaded shared library c:\Users\rutur\.vscode\extensions\redhat.java-1.45.0-win32-x64\jre\21.0.8-win32-x86_64\bin\zip.dll
Event: 0.111 Loaded shared library C:\Users\rutur\.vscode\extensions\redhat.java-1.45.0-win32-x64\jre\21.0.8-win32-x86_64\bin\instrument.dll
Event: 0.115 Loaded shared library C:\Users\rutur\.vscode\extensions\redhat.java-1.45.0-win32-x64\jre\21.0.8-win32-x86_64\bin\net.dll
Event: 0.118 Loaded shared library C:\Users\rutur\.vscode\extensions\redhat.java-1.45.0-win32-x64\jre\21.0.8-win32-x86_64\bin\nio.dll
Event: 0.122 Loaded shared library C:\Users\rutur\.vscode\extensions\redhat.java-1.45.0-win32-x64\jre\21.0.8-win32-x86_64\bin\zip.dll
Event: 0.148 Loaded shared library C:\Users\rutur\.vscode\extensions\redhat.java-1.45.0-win32-x64\jre\21.0.8-win32-x86_64\bin\jimage.dll
Event: 0.248 Loaded shared library c:\Users\rutur\.vscode\extensions\redhat.java-1.45.0-win32-x64\jre\21.0.8-win32-x86_64\bin\verify.dll
Event: 1.632 Loaded shared library C:\Users\rutur\AppData\Roaming\Code\User\globalStorage\redhat.java\1.45.0\config_win\org.eclipse.equinox.launcher\org.eclipse.equinox.launcher.win32.win32.x86_64_1.2.1400.v20250801-0854\eclipse_11916.dll
Event: 3.218 Loaded shared library C:\Users\rutur\.vscode\extensions\redhat.java-1.45.0-win32-x64\jre\21.0.8-win32-x86_64\bin\management.dll
Event: 3.222 Loaded shared library C:\Users\rutur\.vscode\extensions\redhat.java-1.45.0-win32-x64\jre\21.0.8-win32-x86_64\bin\management_ext.dll
Event: 6.100 Loaded shared library C:\Users\rutur\AppData\Local\Temp\jna-108882158\jna17652935623458938459.dll
Event: 6.614 Loaded shared library C:\Users\rutur\.vscode\extensions\redhat.java-1.45.0-win32-x64\jre\21.0.8-win32-x86_64\bin\sunmscapi.dll
Event: 6.662 Loaded shared library C:\Users\rutur\.vscode\extensions\redhat.java-1.45.0-win32-x64\jre\21.0.8-win32-x86_64\bin\extnet.dll

Deoptimization events (20 events):
Event: 49.038 Thread 0x0000027cee027fd0 Uncommon trap: trap_request=0xffffff66 fr.pc=0x0000027c9b1a9038 relative=0x0000000000000158
Event: 49.038 Thread 0x0000027cee027fd0 Uncommon trap: reason=speculate_class_check action=maybe_recompile pc=0x0000027c9b1a9038 method=org.eclipse.jdt.internal.core.search.indexing.AbstractIndexer.addFieldDeclaration([C[C)V @ 13 c2
Event: 49.038 Thread 0x0000027cee027fd0 DEOPT PACKING pc=0x0000027c9b1a9038 sp=0x000000b2195fedd0
Event: 49.038 Thread 0x0000027cee027fd0 DEOPT UNPACKING pc=0x0000027c9a2b3aa2 sp=0x000000b2195fed78 mode 2
Event: 49.089 Thread 0x0000027cee027fd0 Uncommon trap: trap_request=0xffffff45 fr.pc=0x0000027c9ad80598 relative=0x00000000000016d8
Event: 49.104 Thread 0x0000027cee027fd0 Uncommon trap: reason=unstable_if action=reinterpret pc=0x0000027c9ad80598 method=org.eclipse.jdt.internal.compiler.util.HashtableOfObject.get([C)Ljava/lang/Object; @ 37 c2
Event: 49.104 Thread 0x0000027cee027fd0 DEOPT PACKING pc=0x0000027c9ad80598 sp=0x000000b2195fed30
Event: 49.104 Thread 0x0000027cee027fd0 DEOPT UNPACKING pc=0x0000027c9a2b3aa2 sp=0x000000b2195fec58 mode 2
Event: 49.105 Thread 0x0000027cee027fd0 Uncommon trap: trap_request=0xffffffde fr.pc=0x0000027c9b1e216c relative=0x00000000000015ec
Event: 49.105 Thread 0x0000027cee027fd0 Uncommon trap: reason=class_check action=maybe_recompile pc=0x0000027c9b1e216c method=org.eclipse.jdt.internal.core.search.indexing.AbstractIndexer.addConstructorReference([CI)V @ 9 c2
Event: 49.105 Thread 0x0000027cee027fd0 DEOPT PACKING pc=0x0000027c9b1e216c sp=0x000000b2195fec80
Event: 49.105 Thread 0x0000027cee027fd0 DEOPT UNPACKING pc=0x0000027c9a2b3aa2 sp=0x000000b2195feca8 mode 2
Event: 49.105 Thread 0x0000027cee027fd0 Uncommon trap: trap_request=0xffffff45 fr.pc=0x0000027c9b1a2c5c relative=0x0000000000001b9c
Event: 49.105 Thread 0x0000027cee027fd0 Uncommon trap: reason=unstable_if action=reinterpret pc=0x0000027c9b1a2c5c method=org.eclipse.jdt.internal.core.search.indexing.AbstractIndexer.addMethodDeclaration([C[[C[C[[C)V @ 55 c2
Event: 49.105 Thread 0x0000027cee027fd0 DEOPT PACKING pc=0x0000027c9b1a2c5c sp=0x000000b2195fecb0
Event: 49.105 Thread 0x0000027cee027fd0 DEOPT UNPACKING pc=0x0000027c9a2b3aa2 sp=0x000000b2195fecb8 mode 2
Event: 49.202 Thread 0x0000027cee027fd0 Uncommon trap: trap_request=0xffffff45 fr.pc=0x0000027c9b0b7914 relative=0x00000000000004b4
Event: 49.202 Thread 0x0000027cee027fd0 Uncommon trap: reason=unstable_if action=reinterpret pc=0x0000027c9b0b7914 method=org.eclipse.jdt.internal.core.util.Util.indexOfJavaLikeExtension(Ljava/lang/String;)I @ 85 c2
Event: 49.202 Thread 0x0000027cee027fd0 DEOPT PACKING pc=0x0000027c9b0b7914 sp=0x000000b2195fe750
Event: 49.202 Thread 0x0000027cee027fd0 DEOPT UNPACKING pc=0x0000027c9a2b3aa2 sp=0x000000b2195fe6d0 mode 2

Classes loaded (20 events):
Event: 26.159 Loading class java/util/Hashtable$ValueCollection
Event: 26.159 Loading class java/util/Hashtable$ValueCollection done
Event: 26.184 Loading class java/util/concurrent/ConcurrentHashMap$KeySpliterator
Event: 26.184 Loading class java/util/concurrent/ConcurrentHashMap$KeySpliterator done
Event: 26.261 Loading class java/util/stream/ReferencePipeline$4
Event: 26.261 Loading class java/util/stream/ReferencePipeline$4 done
Event: 26.261 Loading class java/util/stream/Nodes$IntFixedNodeBuilder
Event: 26.262 Loading class java/util/stream/Node$Builder$OfInt
Event: 26.262 Loading class java/util/stream/Node$Builder$OfInt done
Event: 26.262 Loading class java/util/stream/Nodes$IntArrayNode
Event: 26.262 Loading class java/util/stream/Nodes$IntArrayNode done
Event: 26.262 Loading class java/util/stream/Nodes$IntFixedNodeBuilder done
Event: 26.262 Loading class java/util/stream/ReferencePipeline$4$1
Event: 26.262 Loading class java/util/stream/ReferencePipeline$4$1 done
Event: 27.481 Loading class jdk/internal/module/IllegalAccessLogger
Event: 27.481 Loading class jdk/internal/module/IllegalAccessLogger done
Event: 28.374 Loading class java/io/CharArrayWriter
Event: 28.374 Loading class java/io/CharArrayWriter done
Event: 28.420 Loading class java/nio/file/attribute/PosixFileAttributes
Event: 28.420 Loading class java/nio/file/attribute/PosixFileAttributes done

Classes unloaded (7 events):
Event: 4.148 Thread 0x0000027c8fab2980 Unloading class 0x0000027ca81a9800 'java/lang/invoke/LambdaForm$MH+0x0000027ca81a9800'
Event: 4.148 Thread 0x0000027c8fab2980 Unloading class 0x0000027ca81a9400 'java/lang/invoke/LambdaForm$MH+0x0000027ca81a9400'
Event: 4.148 Thread 0x0000027c8fab2980 Unloading class 0x0000027ca81a9000 'java/lang/invoke/LambdaForm$MH+0x0000027ca81a9000'
Event: 4.148 Thread 0x0000027c8fab2980 Unloading class 0x0000027ca81a8c00 'java/lang/invoke/LambdaForm$MH+0x0000027ca81a8c00'
Event: 4.148 Thread 0x0000027c8fab2980 Unloading class 0x0000027ca81a8800 'java/lang/invoke/LambdaForm$BMH+0x0000027ca81a8800'
Event: 4.148 Thread 0x0000027c8fab2980 Unloading class 0x0000027ca81a8400 'java/lang/invoke/LambdaForm$DMH+0x0000027ca81a8400'
Event: 4.148 Thread 0x0000027c8fab2980 Unloading class 0x0000027ca81a3000 'java/lang/invoke/LambdaForm$DMH+0x0000027ca81a3000'

Classes redefined (0 events):
No events

Internal exceptions (20 events):
Event: 43.800 Thread 0x0000027cee027fd0 Exception <a 'sun/nio/fs/WindowsException'{0x00000000d5813890}> (0x00000000d5813890) 
thrown [s\src\hotspot\share\prims\jni.cpp, line 520]
Event: 44.165 Thread 0x0000027cee027fd0 Exception <a 'sun/nio/fs/WindowsException'{0x00000000d56b6f00}> (0x00000000d56b6f00) 
thrown [s\src\hotspot\share\prims\jni.cpp, line 520]
Event: 44.378 Thread 0x0000027cee027fd0 Exception <a 'sun/nio/fs/WindowsException'{0x00000000d5ae9dd8}> (0x00000000d5ae9dd8) 
thrown [s\src\hotspot\share\prims\jni.cpp, line 520]
Event: 44.419 Thread 0x0000027cee027fd0 Exception <a 'sun/nio/fs/WindowsException'{0x00000000d5bd31c8}> (0x00000000d5bd31c8) 
thrown [s\src\hotspot\share\prims\jni.cpp, line 520]
Event: 44.465 Thread 0x0000027cee027fd0 Exception <a 'sun/nio/fs/WindowsException'{0x00000000d5900b98}> (0x00000000d5900b98) 
thrown [s\src\hotspot\share\prims\jni.cpp, line 520]
Event: 44.484 Thread 0x0000027cee027fd0 Exception <a 'sun/nio/fs/WindowsException'{0x00000000d5a8cff8}> (0x00000000d5a8cff8) 
thrown [s\src\hotspot\share\prims\jni.cpp, line 520]
Event: 44.841 Thread 0x0000027cee027fd0 Exception <a 'sun/nio/fs/WindowsException'{0x00000000d578f7a0}> (0x00000000d578f7a0) 
thrown [s\src\hotspot\share\prims\jni.cpp, line 520]
Event: 44.941 Thread 0x0000027cee027fd0 Exception <a 'sun/nio/fs/WindowsException'{0x00000000d5aa6b18}> (0x00000000d5aa6b18) 
thrown [s\src\hotspot\share\prims\jni.cpp, line 520]
Event: 44.996 Thread 0x0000027cee027fd0 Exception <a 'sun/nio/fs/WindowsException'{0x00000000d59e25b0}> (0x00000000d59e25b0) 
thrown [s\src\hotspot\share\prims\jni.cpp, line 520]
Event: 45.015 Thread 0x0000027cee027fd0 Exception <a 'sun/nio/fs/WindowsException'{0x00000000d5a38640}> (0x00000000d5a38640) 
thrown [s\src\hotspot\share\prims\jni.cpp, line 520]
Event: 45.266 Thread 0x0000027cee027fd0 Exception <a 'sun/nio/fs/WindowsException'{0x00000000d5e8dc40}> (0x00000000d5e8dc40) 
thrown [s\src\hotspot\share\prims\jni.cpp, line 520]
Event: 45.324 Thread 0x0000027cee027fd0 Exception <a 'sun/nio/fs/WindowsException'{0x00000000d57c30a0}> (0x00000000d57c30a0) 
thrown [s\src\hotspot\share\prims\jni.cpp, line 520]
Event: 45.408 Thread 0x0000027cee027fd0 Exception <a 'sun/nio/fs/WindowsException'{0x00000000d5a7e6e8}> (0x00000000d5a7e6e8) 
thrown [s\src\hotspot\share\prims\jni.cpp, line 520]
Event: 45.421 Thread 0x0000027cee027fd0 Exception <a 'sun/nio/fs/WindowsException'{0x00000000d5a90f30}> (0x00000000d5a90f30) 
thrown [s\src\hotspot\share\prims\jni.cpp, line 520]
Event: 45.563 Thread 0x0000027cee027fd0 Exception <a 'sun/nio/fs/WindowsException'{0x00000000d5c29e90}> (0x00000000d5c29e90) 
thrown [s\src\hotspot\share\prims\jni.cpp, line 520]
Event: 45.787 Thread 0x0000027cee027fd0 Exception <a 'sun/nio/fs/WindowsException'{0x00000000d5da4ea8}> (0x00000000d5da4ea8) 
thrown [s\src\hotspot\share\prims\jni.cpp, line 520]
Event: 45.956 Thread 0x0000027cee027fd0 Exception <a 'sun/nio/fs/WindowsException'{0x00000000d5ab8040}> (0x00000000d5ab8040) 
thrown [s\src\hotspot\share\prims\jni.cpp, line 520]
Event: 46.007 Thread 0x0000027cee027fd0 Exception <a 'sun/nio/fs/WindowsException'{0x00000000d5d86270}> (0x00000000d5d86270) 
thrown [s\src\hotspot\share\prims\jni.cpp, line 520]
Event: 46.142 Thread 0x0000027cee027fd0 Exception <a 'sun/nio/fs/WindowsException'{0x00000000d5c55b00}> (0x00000000d5c55b00) 
thrown [s\src\hotspot\share\prims\jni.cpp, line 520]
Event: 49.105 Thread 0x0000027cee027fd0 Implicit null exception at 0x0000027c9b1a11c1 to 0x0000027c9b1a2c3c

ZGC Phase Switch (0 events):
No events

VM Operations (20 events):
Event: 46.079 Executing VM operation: ParallelGCFailedAllocation (Allocation Failure)
Event: 46.110 Executing VM operation: ParallelGCFailedAllocation (Allocation Failure) done
Event: 46.159 Executing VM operation: ParallelGCFailedAllocation (Allocation Failure)
Event: 46.198 Executing VM operation: ParallelGCFailedAllocation (Allocation Failure) done
Event: 46.233 Executing VM operation: ParallelGCFailedAllocation (Allocation Failure)
Event: 47.381 Executing VM operation: ParallelGCFailedAllocation (Allocation Failure) done
Event: 47.439 Executing VM operation: ParallelGCFailedAllocation (Allocation Failure)
Event: 47.488 Executing VM operation: ParallelGCFailedAllocation (Allocation Failure) done
Event: 47.571 Executing VM operation: ParallelGCFailedAllocation (Allocation Failure)
Event: 47.708 Executing VM operation: ParallelGCFailedAllocation (Allocation Failure) done
Event: 47.812 Executing VM operation: ParallelGCFailedAllocation (Allocation Failure)
Event: 47.930 Executing VM operation: ParallelGCFailedAllocation (Allocation Failure) done
Event: 49.123 Executing VM operation: HandshakeAllThreads (Deoptimize)
Event: 49.124 Executing VM operation: HandshakeAllThreads (Deoptimize) done
Event: 49.124 Executing VM operation: Cleanup
Event: 49.124 Executing VM operation: Cleanup done
Event: 49.217 Executing VM operation: ParallelGCFailedAllocation (Allocation Failure)
Event: 49.287 Executing VM operation: ParallelGCFailedAllocation (Allocation Failure) done
Event: 49.343 Executing VM operation: ParallelGCFailedAllocation (Allocation Failure)
Event: 49.378 Executing VM operation: ParallelGCFailedAllocation (Allocation Failure) done

Memory protections (0 events):
No events

Nmethod flushes (20 events):
Event: 20.724 Thread 0x0000027c8fab2980 flushing  nmethod 0x0000027c93620990
Event: 20.724 Thread 0x0000027c8fab2980 flushing  nmethod 0x0000027c93621210
Event: 20.724 Thread 0x0000027c8fab2980 flushing  nmethod 0x0000027c93630a90
Event: 20.724 Thread 0x0000027c8fab2980 flushing  nmethod 0x0000027c93632090
Event: 20.724 Thread 0x0000027c8fab2980 flushing  nmethod 0x0000027c93632d10
Event: 20.724 Thread 0x0000027c8fab2980 flushing  nmethod 0x0000027c93633c10
Event: 20.724 Thread 0x0000027c8fab2980 flushing  nmethod 0x0000027c93634190
Event: 20.724 Thread 0x0000027c8fab2980 flushing  nmethod 0x0000027c93634510
Event: 20.724 Thread 0x0000027c8fab2980 flushing  nmethod 0x0000027c93634a10
Event: 20.724 Thread 0x0000027c8fab2980 flushing  nmethod 0x0000027c93634e90
Event: 20.724 Thread 0x0000027c8fab2980 flushing  nmethod 0x0000027c93635710
Event: 20.724 Thread 0x0000027c8fab2980 flushing  nmethod 0x0000027c93635c90
Event: 20.724 Thread 0x0000027c8fab2980 flushing  nmethod 0x0000027c93636a10
Event: 20.724 Thread 0x0000027c8fab2980 flushing  nmethod 0x0000027c93637c10
Event: 20.724 Thread 0x0000027c8fab2980 flushing  nmethod 0x0000027c93637f90
Event: 20.724 Thread 0x0000027c8fab2980 flushing  nmethod 0x0000027c9363ad10
Event: 20.724 Thread 0x0000027c8fab2980 flushing  nmethod 0x0000027c9363f510
Event: 20.724 Thread 0x0000027c8fab2980 flushing  nmethod 0x0000027c93665490
Event: 20.724 Thread 0x0000027c8fab2980 flushing  nmethod 0x0000027c93677b90
Event: 20.724 Thread 0x0000027c8fab2980 flushing  nmethod 0x0000027c9367b710

Events (20 events):
Event: 27.951 Thread 0x0000027cee8f3d00 Thread exited: 0x0000027cee8f3d00
Event: 27.959 Thread 0x0000027c8fadbae0 Thread added: 0x0000027cee8f3d00
Event: 28.043 Thread 0x0000027cee027940 Thread added: 0x0000027cf26147a0
Event: 28.044 Thread 0x0000027cee027940 Thread added: 0x0000027cf2616870
Event: 28.044 Thread 0x0000027cee027940 Thread added: 0x0000027cf26133f0
Event: 28.044 Thread 0x0000027cee027940 Thread added: 0x0000027cf26154c0
Event: 28.044 Thread 0x0000027cee027940 Thread added: 0x0000027cf2616f00
Event: 28.146 Thread 0x0000027cf26147a0 Thread exited: 0x0000027cf26147a0
Event: 28.147 Thread 0x0000027cf26133f0 Thread exited: 0x0000027cf26133f0
Event: 28.153 Thread 0x0000027cf26154c0 Thread exited: 0x0000027cf26154c0
Event: 28.153 Thread 0x0000027cf2616f00 Thread exited: 0x0000027cf2616f00
Event: 28.153 Thread 0x0000027cf2616870 Thread exited: 0x0000027cf2616870
Event: 30.123 Thread 0x0000027cee8f3d00 Thread exited: 0x0000027cee8f3d00
Event: 31.117 Thread 0x0000027c8fad1360 Thread added: 0x0000027cee8f4aa0
Event: 32.653 Thread 0x0000027c8fadbae0 Thread added: 0x0000027cee8f3d00
Event: 32.655 Thread 0x0000027cf2614e30 Thread exited: 0x0000027cf2614e30
Event: 33.992 Thread 0x0000027cee8f3d00 Thread exited: 0x0000027cee8f3d00
Event: 34.008 Thread 0x0000027cee8f4aa0 Thread exited: 0x0000027cee8f4aa0
Event: 49.106 Thread 0x0000027c8fadbae0 Thread added: 0x0000027cee8f5840
Event: 49.308 Thread 0x0000027cee8f5840 Thread exited: 0x0000027cee8f5840


Dynamic libraries:
0x00007ff7d43c0000 - 0x00007ff7d43ce000 	c:\Users\rutur\.vscode\extensions\redhat.java-1.45.0-win32-x64\jre\21.0.8-win32-x86_64\bin\java.exe
0x00007ffd9c800000 - 0x00007ffd9ca69000 	C:\WINDOWS\SYSTEM32\ntdll.dll
0x00007ffd9c670000 - 0x00007ffd9c739000 	C:\WINDOWS\System32\KERNEL32.DLL
0x00007ffd99cd0000 - 0x00007ffd9a0c3000 	C:\WINDOWS\System32\KERNELBASE.dll
0x00007ffd96630000 - 0x00007ffd966ce000 	C:\WINDOWS\SYSTEM32\apphelp.dll
0x00007ffd99990000 - 0x00007ffd99adb000 	C:\WINDOWS\System32\ucrtbase.dll
0x00007ffd73810000 - 0x00007ffd7382e000 	c:\Users\rutur\.vscode\extensions\redhat.java-1.45.0-win32-x64\jre\21.0.8-win32-x86_64\bin\VCRUNTIME140.dll
0x00007ffd777f0000 - 0x00007ffd77808000 	c:\Users\rutur\.vscode\extensions\redhat.java-1.45.0-win32-x64\jre\21.0.8-win32-x86_64\bin\jli.dll
0x00007ffd9a5d0000 - 0x00007ffd9a794000 	C:\WINDOWS\System32\USER32.dll
0x00007ffd9a420000 - 0x00007ffd9a447000 	C:\WINDOWS\System32\win32u.dll
0x00007ffd82270000 - 0x00007ffd82503000 	C:\WINDOWS\WinSxS\amd64_microsoft.windows.common-controls_6595b64144ccf1df_6.0.26100.5074_none_3e0d6f78e32fd63f\COMCTL32.dll
0x00007ffd9c740000 - 0x00007ffd9c76b000 	C:\WINDOWS\System32\GDI32.dll
0x00007ffd9aa60000 - 0x00007ffd9ab09000 	C:\WINDOWS\System32\msvcrt.dll
0x00007ffd99ba0000 - 0x00007ffd99ccd000 	C:\WINDOWS\System32\gdi32full.dll
0x00007ffd9a2e0000 - 0x00007ffd9a383000 	C:\WINDOWS\System32\msvcp_win.dll
0x00007ffd9be80000 - 0x00007ffd9beaf000 	C:\WINDOWS\System32\IMM32.DLL
0x00007ffd8a0e0000 - 0x00007ffd8a0ec000 	c:\Users\rutur\.vscode\extensions\redhat.java-1.45.0-win32-x64\jre\21.0.8-win32-x86_64\bin\vcruntime140_1.dll
0x00007ffd43d70000 - 0x00007ffd43dfd000 	c:\Users\rutur\.vscode\extensions\redhat.java-1.45.0-win32-x64\jre\21.0.8-win32-x86_64\bin\msvcp140.dll
0x00007ffd29c10000 - 0x00007ffd2a9a7000 	c:\Users\rutur\.vscode\extensions\redhat.java-1.45.0-win32-x64\jre\21.0.8-win32-x86_64\bin\server\jvm.dll
0x00007ffd9bee0000 - 0x00007ffd9bf94000 	C:\WINDOWS\System32\ADVAPI32.dll
0x00007ffd9c120000 - 0x00007ffd9c1c6000 	C:\WINDOWS\System32\sechost.dll
0x00007ffd9bbc0000 - 0x00007ffd9bcd8000 	C:\WINDOWS\System32\RPCRT4.dll
0x00007ffd9bfa0000 - 0x00007ffd9c014000 	C:\WINDOWS\System32\WS2_32.dll
0x00007ffd997f0000 - 0x00007ffd9984e000 	C:\WINDOWS\SYSTEM32\POWRPROF.dll
0x00007ffd893d0000 - 0x00007ffd89405000 	C:\WINDOWS\SYSTEM32\WINMM.dll
0x00007ffd90bf0000 - 0x00007ffd90bfb000 	C:\WINDOWS\SYSTEM32\VERSION.dll
0x00007ffd997d0000 - 0x00007ffd997e4000 	C:\WINDOWS\SYSTEM32\UMPDC.dll
0x00007ffd98740000 - 0x00007ffd9875b000 	C:\WINDOWS\SYSTEM32\kernel.appcore.dll
0x00007ffd855b0000 - 0x00007ffd855ba000 	c:\Users\rutur\.vscode\extensions\redhat.java-1.45.0-win32-x64\jre\21.0.8-win32-x86_64\bin\jimage.dll
0x00007ffd96f40000 - 0x00007ffd97182000 	C:\WINDOWS\SYSTEM32\DBGHELP.DLL
0x00007ffd9c2d0000 - 0x00007ffd9c64b000 	C:\WINDOWS\System32\combase.dll
0x00007ffd9a980000 - 0x00007ffd9aa57000 	C:\WINDOWS\System32\OLEAUT32.dll
0x00007ffd749e0000 - 0x00007ffd74a1d000 	C:\WINDOWS\SYSTEM32\dbgcore.DLL
0x00007ffd9a0d0000 - 0x00007ffd9a169000 	C:\WINDOWS\System32\bcryptPrimitives.dll
0x00007ffd81050000 - 0x00007ffd8105f000 	c:\Users\rutur\.vscode\extensions\redhat.java-1.45.0-win32-x64\jre\21.0.8-win32-x86_64\bin\instrument.dll
0x00007ffd706c0000 - 0x00007ffd706df000 	c:\Users\rutur\.vscode\extensions\redhat.java-1.45.0-win32-x64\jre\21.0.8-win32-x86_64\bin\java.dll
0x00007ffd9b160000 - 0x00007ffd9b8ad000 	C:\WINDOWS\System32\SHELL32.dll
0x00007ffd9a170000 - 0x00007ffd9a2dc000 	C:\WINDOWS\System32\wintypes.dll
0x00007ffd975d0000 - 0x00007ffd97e29000 	C:\WINDOWS\SYSTEM32\windows.storage.dll
0x00007ffd9c020000 - 0x00007ffd9c110000 	C:\WINDOWS\System32\SHCORE.dll
0x00007ffd9b9f0000 - 0x00007ffd9ba52000 	C:\WINDOWS\System32\shlwapi.dll
0x00007ffd998b0000 - 0x00007ffd998d9000 	C:\WINDOWS\SYSTEM32\profapi.dll
0x00007ffd706a0000 - 0x00007ffd706b8000 	c:\Users\rutur\.vscode\extensions\redhat.java-1.45.0-win32-x64\jre\21.0.8-win32-x86_64\bin\zip.dll
0x00007ffd7f050000 - 0x00007ffd7f060000 	C:\Users\rutur\.vscode\extensions\redhat.java-1.45.0-win32-x64\jre\21.0.8-win32-x86_64\bin\net.dll
0x00007ffd92400000 - 0x00007ffd9251f000 	C:\WINDOWS\SYSTEM32\WINHTTP.dll
0x00007ffd98cf0000 - 0x00007ffd98d5b000 	C:\WINDOWS\system32\mswsock.dll
0x00007ffd70680000 - 0x00007ffd70696000 	C:\Users\rutur\.vscode\extensions\redhat.java-1.45.0-win32-x64\jre\21.0.8-win32-x86_64\bin\nio.dll
0x00007ffd7edd0000 - 0x00007ffd7ede0000 	c:\Users\rutur\.vscode\extensions\redhat.java-1.45.0-win32-x64\jre\21.0.8-win32-x86_64\bin\verify.dll
0x00007ffd440a0000 - 0x00007ffd440e4000 	C:\Users\rutur\AppData\Roaming\Code\User\globalStorage\redhat.java\1.45.0\config_win\org.eclipse.equinox.launcher\org.eclipse.equinox.launcher.win32.win32.x86_64_1.2.1400.v20250801-0854\eclipse_11916.dll
0x00007ffd9bce0000 - 0x00007ffd9be78000 	C:\WINDOWS\System32\ole32.dll
0x00007ffd973b0000 - 0x00007ffd973ba000 	C:\Users\rutur\.vscode\extensions\redhat.java-1.45.0-win32-x64\jre\21.0.8-win32-x86_64\bin\management.dll
0x00007ffd96dd0000 - 0x00007ffd96ddb000 	C:\Users\rutur\.vscode\extensions\redhat.java-1.45.0-win32-x64\jre\21.0.8-win32-x86_64\bin\management_ext.dll
0x00007ffd9b080000 - 0x00007ffd9b088000 	C:\WINDOWS\System32\PSAPI.DLL
0x00007ffd98fa0000 - 0x00007ffd98fbb000 	C:\WINDOWS\SYSTEM32\CRYPTSP.dll
0x00007ffd986a0000 - 0x00007ffd986db000 	C:\WINDOWS\system32\rsaenh.dll
0x00007ffd98d90000 - 0x00007ffd98dbb000 	C:\WINDOWS\SYSTEM32\USERENV.dll
0x00007ffd99880000 - 0x00007ffd998a6000 	C:\WINDOWS\SYSTEM32\bcrypt.dll
0x00007ffd98f90000 - 0x00007ffd98f9c000 	C:\WINDOWS\SYSTEM32\CRYPTBASE.dll
0x00007ffd98190000 - 0x00007ffd981c4000 	C:\WINDOWS\SYSTEM32\IPHLPAPI.DLL
0x00007ffd9b120000 - 0x00007ffd9b12a000 	C:\WINDOWS\System32\NSI.dll
0x00007ffd404b0000 - 0x00007ffd404f9000 	C:\Users\rutur\AppData\Local\Temp\jna-108882158\jna17652935623458938459.dll
0x00007ffd92710000 - 0x00007ffd9272e000 	C:\WINDOWS\SYSTEM32\dhcpcsvc6.DLL
0x00007ffd923d0000 - 0x00007ffd923f3000 	C:\WINDOWS\SYSTEM32\dhcpcsvc.DLL
0x00007ffd96dc0000 - 0x00007ffd96dce000 	C:\Users\rutur\.vscode\extensions\redhat.java-1.45.0-win32-x64\jre\21.0.8-win32-x86_64\bin\sunmscapi.dll
0x00007ffd9a450000 - 0x00007ffd9a5c7000 	C:\WINDOWS\System32\CRYPT32.dll
0x00007ffd991b0000 - 0x00007ffd991e0000 	C:\WINDOWS\SYSTEM32\ncrypt.dll
0x00007ffd99160000 - 0x00007ffd9919f000 	C:\WINDOWS\SYSTEM32\NTASN1.dll
0x00007ffd98230000 - 0x00007ffd98356000 	C:\WINDOWS\SYSTEM32\DNSAPI.dll
0x00007ffd8a530000 - 0x00007ffd8a53b000 	C:\Windows\System32\rasadhlp.dll
0x00007ffd8b3b0000 - 0x00007ffd8b3b9000 	C:\Users\rutur\.vscode\extensions\redhat.java-1.45.0-win32-x64\jre\21.0.8-win32-x86_64\bin\extnet.dll

JVMTI agents:
c:\Users\rutur\.vscode\extensions\redhat.java-1.45.0-win32-x64\lombok\lombok-1.18.39-4050.jar path:c:\Users\rutur\.vscode\extensions\redhat.java-1.45.0-win32-x64\jre\21.0.8-win32-x86_64\bin\instrument.dll, loaded, initialized, instrumentlib options:none

dbghelp: loaded successfully - version: 4.0.5 - missing functions: none
symbol engine: initialized successfully - sym options: 0x614 - pdb path: .;c:\Users\rutur\.vscode\extensions\redhat.java-1.45.0-win32-x64\jre\21.0.8-win32-x86_64\bin;C:\WINDOWS\SYSTEM32;C:\WINDOWS\WinSxS\amd64_microsoft.windows.common-controls_6595b64144ccf1df_6.0.26100.5074_none_3e0d6f78e32fd63f;c:\Users\rutur\.vscode\extensions\redhat.java-1.45.0-win32-x64\jre\21.0.8-win32-x86_64\bin\server;C:\Users\rutur\AppData\Roaming\Code\User\globalStorage\redhat.java\1.45.0\config_win\org.eclipse.equinox.launcher\org.eclipse.equinox.launcher.win32.win32.x86_64_1.2.1400.v20250801-0854;C:\Users\rutur\AppData\Local\Temp\jna-108882158

VM Arguments:
jvm_args: --add-modules=ALL-SYSTEM --add-opens=java.base/java.util=ALL-UNNAMED --add-opens=java.base/java.lang=ALL-UNNAMED --add-opens=java.base/sun.nio.fs=ALL-UNNAMED -Declipse.application=org.eclipse.jdt.ls.core.id1 -Dosgi.bundles.defaultStartLevel=4 -Declipse.product=org.eclipse.jdt.ls.core.product -Djava.import.generatesMetadataFilesAtProjectRoot=false -DDetectVMInstallationsJob.disabled=true -Dfile.encoding=utf8 -XX:+UseParallelGC -XX:GCTimeRatio=4 -XX:AdaptiveSizePolicyWeight=90 -Dsun.zip.disableMemoryMapping=true -Xmx2G -Xms100m -Xlog:disable -javaagent:c:\Users\rutur\.vscode\extensions\redhat.java-1.45.0-win32-x64\lombok\lombok-1.18.39-4050.jar -XX:+HeapDumpOnOutOfMemoryError -XX:HeapDumpPath=c:\Users\rutur\AppData\Roaming\Code\User\workspaceStorage\a5412f84bb255c23cb2ac7001e131eef\redhat.java -Daether.dependencyCollector.impl=bf 
java_command: c:\Users\rutur\.vscode\extensions\redhat.java-1.45.0-win32-x64\server\plugins\org.eclipse.equinox.launcher_1.7.0.v20250519-0528.jar -configuration c:\Users\rutur\AppData\Roaming\Code\User\globalStorage\redhat.java\1.45.0\config_win -data c:\Users\rutur\AppData\Roaming\Code\User\workspaceStorage\a5412f84bb255c23cb2ac7001e131eef\redhat.java\jdt_ws --pipe=\\.\pipe\lsp-ae8aecedac99649025d796c77273ca60-sock
java_class_path (initial): c:\Users\rutur\.vscode\extensions\redhat.java-1.45.0-win32-x64\server\plugins\org.eclipse.equinox.launcher_1.7.0.v20250519-0528.jar
Launcher Type: SUN_STANDARD

[Global flags]
    uintx AdaptiveSizePolicyWeight                 = 90                                        {product} {command line}
     intx CICompilerCount                          = 4                                         {product} {ergonomic}
    uintx GCTimeRatio                              = 4                                         {product} {command line}
     bool HeapDumpOnOutOfMemoryError               = true                                   {manageable} {command line}
    ccstr HeapDumpPath                             = c:\Users\rutur\AppData\Roaming\Code\User\workspaceStorage\a5412f84bb255c23cb2ac7001e131eef\redhat.java         {manageable} {command line}
   size_t InitialHeapSize                          = 104857600                                 {product} {command line}
   size_t MaxHeapSize                              = 2147483648                                {product} {command line}
   size_t MaxNewSize                               = 715653120                                 {product} {ergonomic}
   size_t MinHeapDeltaBytes                        = 524288                                    {product} {ergonomic}
   size_t MinHeapSize                              = 104857600                                 {product} {command line}
   size_t NewSize                                  = 34603008                                  {product} {ergonomic}
    uintx NonNMethodCodeHeapSize                   = 5839372                                {pd product} {ergonomic}
    uintx NonProfiledCodeHeapSize                  = 122909434                              {pd product} {ergonomic}
   size_t OldSize                                  = 70254592                                  {product} {ergonomic}
    uintx ProfiledCodeHeapSize                     = 122909434                              {pd product} {ergonomic}
    uintx ReservedCodeCacheSize                    = 251658240                              {pd product} {ergonomic}
     bool SegmentedCodeCache                       = true                                      {product} {ergonomic}
   size_t SoftMaxHeapSize                          = 2147483648                             {manageable} {ergonomic}
     bool UseCompressedOops                        = true                           {product lp64_product} {ergonomic}
     bool UseLargePagesIndividualAllocation        = false                                  {pd product} {ergonomic}
     bool UseParallelGC                            = true                                      {product} {command line}

Logging:
Log output configuration:
 #0: stdout all=off uptime,level,tags foldmultilines=false
 #1: stderr all=off uptime,level,tags foldmultilines=false

Environment Variables:
PATH=C:\Program Files\Common Files\Oracle\Java\javapath;C:\WINDOWS\system32;C:\WINDOWS;C:\WINDOWS\System32\Wbem;C:\WINDOWS\System32\WindowsPowerShell\v1.0\;C:\WINDOWS\System32\OpenSSH\;C:\Program Files\Git\cmd;C:\Program Files\Docker\Docker\resources\bin;C:\Program Files\Kubernetes\Minikube;C:\Program Files\nodejs\;C:\Program Files (x86)\Windows Kits\10\Windows Performance Toolkit\;D:\Maven\apache-maven-3.9.11\bin;D:\Download\ngrok.exe;C:\Users\rutur\AppData\Local\Programs\Python\Python313\Scripts\;C:\Users\rutur\AppData\Local\Programs\Python\Python313\;C:\Users\rutur\AppData\Local\Programs\Python\Launcher\;C:\Users\rutur\AppData\Local\Microsoft\WindowsApps;C:\Users\rutur\AppData\Local\Programs\Microsoft VS Code\bin;C:\Program Files\JetBrains\IntelliJ IDEA 2025.1\bin;;C:\Users\rutur\AppData\Local\Microsoft\WinGet\Links;C:\Users\rutur\AppData\Roaming\npm;C:\flutter\flutter\bin;C:\Users\rutur\AppData\Local\Android\Sdk;D:\Maven\apache-maven-3.9.11\bin;D:\heroku\bin;D:\Download\ngrok.exe;D:\cursor\resources\app\bin
USERNAME=rutur
OS=Windows_NT
PROCESSOR_IDENTIFIER=Intel64 Family 6 Model 165 Stepping 2, GenuineIntel
TMP=C:\Users\rutur\AppData\Local\Temp
TEMP=C:\Users\rutur\AppData\Local\Temp




Periodic native trim disabled

---------------  S Y S T E M  ---------------

OS:
 Windows 11 , 64 bit Build 26100 (10.0.26100.5074)
OS uptime: 0 days 3:12 hours
Hyper-V role detected

CPU: total 8 (initial active 8) (4 cores per cpu, 2 threads per core) family 6 model 165 stepping 2 microcode 0xea, cx8, cmov, fxsr, ht, mmx, 3dnowpref, sse, sse2, sse3, ssse3, sse4.1, sse4.2, popcnt, lzcnt, tsc, tscinvbit, avx, avx2, aes, erms, clmul, bmi1, bmi2, adx, fma, vzeroupper, clflush, clflushopt, hv, rdtscp, f16c
Processor Information for the first 8 processors :
  Max Mhz: 2496, Current Mhz: 2496, Mhz Limit: 2496

Memory: 4k page, system-wide physical 16215M (661M free)
TotalPageFile size 21852M (AvailPageFile size 4M)
current process WorkingSet (physical memory assigned to process): 1137M, peak: 1138M
current process commit charge ("private bytes"): 1085M, peak: 1085M

vm_info: OpenJDK 64-Bit Server VM (21.0.8+9-LTS) for windows-amd64 JRE (21.0.8+9-LTS), built on 2025-07-15T00:00:00Z by "admin" with MS VC++ 17.7 (VS2022)

END.
